
> server@1.0.0 test
> jest --verbose

  console.log
    ≡ƒÄ» Primera mano: A tiene el doble-6 y debe jugarlo

      at GameEngine.startHand (gameEngine.ts:84:21)

  console.log
    ΓÅ▒∩╕Å Starting timer for A: 8s (extension: false)

      at GameEngine.startTurnTimer (gameEngine.ts:123:17)

  console.log
    ≡ƒÄ» Primera mano: A tiene el doble-6 y debe jugarlo

      at GameEngine.startHand (gameEngine.ts:84:21)

  console.log
    ΓÅ▒∩╕Å Starting timer for A: 8s (extension: false)

      at GameEngine.startTurnTimer (gameEngine.ts:123:17)

  console.log
    ≡ƒÄ» Primera mano: B tiene el doble-6 y debe jugarlo

      at GameEngine.startHand (gameEngine.ts:84:21)

  console.log
    ΓÅ▒∩╕Å Starting timer for B: 8s (extension: false)

      at GameEngine.startTurnTimer (gameEngine.ts:123:17)

  console.log
    ≡ƒÄ» Primera mano: D tiene el doble-6 y debe jugarlo

      at GameEngine.startHand (gameEngine.ts:84:21)

  console.log
    ΓÅ▒∩╕Å Starting timer for D: 8s (extension: false)

      at GameEngine.startTurnTimer (gameEngine.ts:123:17)

  console.log
    ΓÅ░ Timer expired for A

      at console.<anonymous> (node_modules/jest-mock/build/index.js:631:25)

  console.log
    ΓÅ▒∩╕Å Timeout: Auto-playing 6,6 for A

      at console.<anonymous> (node_modules/jest-mock/build/index.js:631:25)

  console.log
    Turn: A ΓåÆ D (counterclockwise)

      at console.<anonymous> (node_modules/jest-mock/build/index.js:631:25)

  console.log
    ΓÅ▒∩╕Å Starting timer for D: 8s (extension: false)

      at console.<anonymous> (node_modules/jest-mock/build/index.js:631:25)

  console.log
    ≡ƒôó Notifying all players: A's time ran out

      at console.<anonymous> (node_modules/jest-mock/build/index.js:631:25)

  console.log
    ΓÅ░ Timer expired for A

      at console.<anonymous> (node_modules/jest-mock/build/index.js:631:25)

  console.log
    ΓÅ▒∩╕Å Timeout: Auto-playing 6,6 for A

      at console.<anonymous> (node_modules/jest-mock/build/index.js:631:25)

  console.log
    Turn: A ΓåÆ D (counterclockwise)

      at console.<anonymous> (node_modules/jest-mock/build/index.js:631:25)

  console.log
    ΓÅ▒∩╕Å Starting timer for D: 8s (extension: false)

      at console.<anonymous> (node_modules/jest-mock/build/index.js:631:25)

  console.log
    ≡ƒôó Notifying all players: A's time ran out

      at console.<anonymous> (node_modules/jest-mock/build/index.js:631:25)

  console.log
    ΓÅ░ Timer expired for B

      at console.<anonymous> (node_modules/jest-mock/build/index.js:631:25)

  console.log
    ΓÅ▒∩╕Å Timeout: Auto-passing for B

      at console.<anonymous> (node_modules/jest-mock/build/index.js:631:25)

  console.log
    Pass count: 1

      at console.<anonymous> (node_modules/jest-mock/build/index.js:631:25)

  console.log
    Turn: B ΓåÆ A (counterclockwise)

      at console.<anonymous> (node_modules/jest-mock/build/index.js:631:25)

  console.log
    ΓÅ▒∩╕Å Starting timer for A: 8s (extension: false)

      at console.<anonymous> (node_modules/jest-mock/build/index.js:631:25)

  console.log
    ≡ƒôó Notifying all players: B's time ran out

      at console.<anonymous> (node_modules/jest-mock/build/index.js:631:25)

  console.log
    ΓÅ░ Timer expired for D

      at console.<anonymous> (node_modules/jest-mock/build/index.js:631:25)

  console.log
    ΓÅ▒∩╕Å Timeout: Auto-playing 6,6 for D

      at console.<anonymous> (node_modules/jest-mock/build/index.js:631:25)

  console.log
    Turn: D ΓåÆ C (counterclockwise)

      at console.<anonymous> (node_modules/jest-mock/build/index.js:631:25)

  console.log
    ΓÅ▒∩╕Å Starting timer for C: 8s (extension: false)

      at console.<anonymous> (node_modules/jest-mock/build/index.js:631:25)

  console.log
    ≡ƒôó Notifying all players: D's time ran out

      at console.<anonymous> (node_modules/jest-mock/build/index.js:631:25)

  console.log
    ≡ƒÄ» Primera mano: B tiene el doble-6 y debe jugarlo

      at console.<anonymous> (node_modules/jest-mock/build/index.js:631:25)

  console.log
    ΓÅ▒∩╕Å Starting timer for B: 8s (extension: false)

      at console.<anonymous> (node_modules/jest-mock/build/index.js:631:25)

  console.log
    Pass count: 1

      at console.<anonymous> (node_modules/jest-mock/build/index.js:631:25)

  console.log
    Turn: A ΓåÆ D (counterclockwise)

      at console.<anonymous> (node_modules/jest-mock/build/index.js:631:25)

  console.log
    ΓÅ▒∩╕Å Starting timer for D: 8s (extension: false)

      at console.<anonymous> (node_modules/jest-mock/build/index.js:631:25)

node.exe : 
(node:20208) Warning: 
`--localstorage-file` 
was provided without 
a valid path
En línea: 1 Carácter: 
1
+ & "C:\Program Files\
nodejs/node.exe" 
"C:\Program 
Files\nodejs/node_mo 
...
+ ~~~~~~~~~~~~~~~~~~~~
~~~~~~~~~~~~~~~~~~~~~~
~~~~~~~~~~~~~~~~~~~~~~
~~~~~
    + CategoryInfo    
          : NotSpeci  
  fied: ((node:2020   
 8) Wa...ut a vali    
d path:String) []    
, RemoteException
    + FullyQualifiedE 
   rrorId : NativeCo  
  mmandError
 
(Use `node 
--trace-warnings ...` 
to show where the 
warning was created)
FAIL 
./gameEngine.test.ts
  GameEngine
    ΓêÜ should deal 7 
tiles to each player 
(57 ms)
    ΓêÜ should 
identify correct 
double-6 starter (or 
first player if dry 
run) (3 ms)
    ΓêÜ should 
validate valid moves 
properly (4 ms)
    ΓêÜ should handle 
timer timeout with 
auto-play or pass (79 
ms)
    ├ù should detect 
Tranque (4 passes) 
(11 ms)

  ΓùÅ GameEngine ΓÇ║ 
should detect Tranque 
(4 passes)

    expect(received).t
oBe(expected) // 
Object.is equality

    Expected: "2"
    Received: "4"

    [0m [90m 88 
|[39m         engine
[33m.[39mpassTurn(p1)
[33m;[39m
     [90m 89 |[39m  
       expect(engine[
33m.[39mgetState()[3
3m.[39mconsecutivePas
ses)[33m.[39mtoBe([
35m1[39m)[33m;[39m
    [31m[1m>[22m[3
9m[90m 90 |[39m     
    expect(engine[33m
.[39mgetState()[33m.
[39mcurrentTurnPlayer
Id)[33m.[39mtoBe(p2)
[33m;[39m
     [90m    |[39m  
                      
                      
         
[31m[1m^[22m[39m
     [90m 91 |[39m
     [90m 92 |[39m  
       [90m// Pass 
2, 3, 4[39m
     [90m 93 |[39m  
       engine[33m.[3
9mpassTurn(p2)[33m;[
39m[0m

      at 
Object.<anonymous> (ga
meEngine.test.ts:90:55
)

Test Suites: 1 
failed, 1 total
Tests:       1 
failed, 4 passed, 5 
total
Snapshots:   0 total
Time:        3.596 s, 
estimated 4 s
Ran all test suites.
